
=== Deploying to 'ropi-bccee'...

i  deploying functions, hosting
i  functions: preparing codebase default for deployment
i  functions: ensuring required API cloudfunctions.googleapis.com is enabled...
i  functions: ensuring required API cloudbuild.googleapis.com is enabled...
i  artifactregistry: ensuring required API artifactregistry.googleapis.com is enabled...
⚠  functions: package.json indicates an outdated version of firebase-functions. Please upgrade using npm install --save firebase-functions@latest in your functions directory.
⚠  functions: Please note that there will be breaking changes when you upgrade.
i  functions: Loading and analyzing source code for codebase default to determine what to deploy
i  functions: You are using a version of firebase-functions SDK (4.9.0) that does not have support for the newest Firebase Extensions features. Please update firebase-functions SDK to >=5.1.0 to use them correctly
Serving at port 8029

[dotenv@17.2.3] injecting env (0) from .env -- tip: ⚙️  suppress all logs with { quiet: true }

GEMINI_KEY_PRESENT true

i  functions: preparing functions directory for uploading...
⚠ DEPRECATION NOTICE: Action required to deploy after March 2026
  
  functions.config() API is deprecated.
  Cloud Runtime Configuration API, the Google Cloud service used to store function configuration data, will be shut down in March 2026. As a result, you must migrate away from using functions.config() to continue deploying your functions after March 2026.
  
  What this means for you:
  
  - The Firebase CLI commands for managing this configuration (functions:config:set, get, unset, clone, and export) are deprecated. These commands will no longer work after March 2026.
  - firebase deploy command will fail for functions that use the legacy functions.config() API after March 2026.
  
  Existing deployments will continue to work with their current configuration.
  
  See your migration options at: https://firebase.google.com/docs/functions/config-env#migrate-to-dotenv
i  functions: packaged /workspaces/ROPI-V2.1/functions (168.37 KB) for uploading
✔  functions: functions source uploaded successfully
i  hosting[ropi-bccee]: beginning deploy...
i  hosting[ropi-bccee]: found 6 files in dist
✔  hosting[ropi-bccee]: file upload complete
i  functions: updating Node.js 20 (1st Gen) function seedSettingsVocab(us-central1)...
i  functions: updating Node.js 20 (1st Gen) function seedMaterials(us-central1)...
i  functions: updating Node.js 20 (1st Gen) function describeWorker(us-central1)...
i  functions: updating Node.js 20 (1st Gen) function apiImport(us-central1)...
i  functions: updating Node.js 20 (1st Gen) function apiDescribe(us-central1)...
i  functions: updating Node.js 20 (1st Gen) function apiDescribeStart(us-central1)...
i  functions: updating Node.js 20 (1st Gen) function apiDescribeStatus(us-central1)...
i  functions: updating Node.js 20 (1st Gen) function apiExporter(us-central1)...
i  functions: updating Node.js 20 (1st Gen) function apiSmartDetect(us-central1)...
i  functions: updating Node.js 20 (1st Gen) function apiValidate(us-central1)...
i  functions: updating Node.js 20 (1st Gen) function api(us-central1)...
i  functions: updating Node.js 20 (1st Gen) function setUserRole(us-central1)...
i  functions: updating Node.js 20 (1st Gen) function exportRulesPreview(us-central1)...
✔  functions[seedSettingsVocab(us-central1)] Successful update operation.
✔  functions[apiDescribeStart(us-central1)] Successful update operation.
✔  functions[describeWorker(us-central1)] Successful update operation.
✔  functions[apiDescribe(us-central1)] Successful update operation.
✔  functions[apiExporter(us-central1)] Successful update operation.
✔  functions[apiDescribeStatus(us-central1)] Successful update operation.
✔  functions[seedMaterials(us-central1)] Successful update operation.
✔  functions[setUserRole(us-central1)] Successful update operation.
✔  functions[apiSmartDetect(us-central1)] Successful update operation.
✔  functions[api(us-central1)] Successful update operation.
✔  functions[apiValidate(us-central1)] Successful update operation.
✔  functions[apiImport(us-central1)] Successful update operation.
✔  functions[exportRulesPreview(us-central1)] Successful update operation.
Function URL (seedSettingsVocab(us-central1)): https://us-central1-ropi-bccee.cloudfunctions.net/seedSettingsVocab
Function URL (seedMaterials(us-central1)): https://us-central1-ropi-bccee.cloudfunctions.net/seedMaterials
Function URL (apiImport(us-central1)): https://us-central1-ropi-bccee.cloudfunctions.net/apiImport
Function URL (apiDescribe(us-central1)): https://us-central1-ropi-bccee.cloudfunctions.net/apiDescribe
Function URL (apiDescribeStart(us-central1)): https://us-central1-ropi-bccee.cloudfunctions.net/apiDescribeStart
Function URL (apiDescribeStatus(us-central1)): https://us-central1-ropi-bccee.cloudfunctions.net/apiDescribeStatus
Function URL (apiExporter(us-central1)): https://us-central1-ropi-bccee.cloudfunctions.net/apiExporter
Function URL (apiSmartDetect(us-central1)): https://us-central1-ropi-bccee.cloudfunctions.net/apiSmartDetect
Function URL (apiValidate(us-central1)): https://us-central1-ropi-bccee.cloudfunctions.net/apiValidate
Function URL (api(us-central1)): https://us-central1-ropi-bccee.cloudfunctions.net/api
i  hosting[ropi-bccee]: finalizing version...
✔  hosting[ropi-bccee]: version finalized
i  hosting[ropi-bccee]: releasing new version...
✔  hosting[ropi-bccee]: release complete

✔  Deploy complete!

Project Console: https://console.firebase.google.com/project/ropi-bccee/overview
Hosting URL: https://ropi-bccee.web.app
