
=== Deploying to 'ropi-bccee'...

i  deploying firestore, functions, hosting
Running command: pnpm --filter @ropi-aoss/api build
packages/api                             |  WARN  Unsupported engine: wanted: {"node":"20"} (current: {"node":"v24.12.0","pnpm":"8.15.9"})

> @ropi-aoss/api@0.0.0 build /workspaces/ROPI-V2.1/packages/api
> node esbuild.config.js


  dist/index.js      2.2mb ⚠️
  dist/index.js.map  4.0mb

⚡ Done in 181ms
Running command: node -e "const fs=require('fs');const path=require('path');const src=path.resolve('packages/sdk/config/attributeRegistry.json');const destDir=path.resolve('packages/api/dist/config');if(!fs.existsSync(src)){console.error('❌ Authoritative registry missing at',src);process.exit(1);}if(!fs.existsSync(destDir))fs.mkdirSync(destDir,{recursive:true});fs.copyFileSync(src,path.join(destDir,'attributeRegistry.json'));console.log('✅ Copied registry to',path.join(destDir,'attributeRegistry.json'))"
⚠  Warning: Your command contains '=', it may result in the command not running. Please consider removing it.
✔  functions: Finished running predeploy script.
i  firestore: ensuring required API firestore.googleapis.com is enabled...
i  firestore: ensuring required API firestore.googleapis.com is enabled...
i  firestore: reading indexes from firestore.indexes.json...
i  cloud.firestore: checking firestore.rules for compilation errors...
⚠  [W] 37:14 - Unused function: requiresEmailVerification.
⚠  [W] 38:14 - Invalid variable name: request.
⚠  [W] 40:16 - Invalid variable name: request.
⚠  [W] 41:19 - Invalid variable name: request.
⚠  [W] 42:19 - Invalid variable name: request.
⚠  [W] 43:19 - Invalid variable name: request.
⚠  [W] 53:14 - Unused function: isEmailVerified.
⚠  [W] 54:14 - Invalid variable name: request.
⚠  [W] 54:38 - Invalid variable name: request.
✔  cloud.firestore: rules file firestore.rules compiled successfully
i  functions: preparing codebase api for deployment
i  functions: ensuring required API cloudfunctions.googleapis.com is enabled...
i  functions: ensuring required API cloudbuild.googleapis.com is enabled...
i  artifactregistry: ensuring required API artifactregistry.googleapis.com is enabled...
⚠  functions: package.json indicates an outdated version of firebase-functions. Please upgrade using npm install --save firebase-functions@latest in your functions directory.
⚠  functions: Please note that there will be breaking changes when you upgrade.
i  functions: Loading and analyzing source code for codebase api to determine what to deploy
Serving at port 8287

i  extensions: ensuring required API firebaseextensions.googleapis.com is enabled...
i  functions: preparing packages/api directory for uploading...
i  functions: packaged /workspaces/ROPI-V2.1/packages/api (1.97 MB) for uploading
⚠ DEPRECATION NOTICE: Action required before March 2026

The functions.config() API and the Cloud Runtime Config service are deprecated. Deploys that rely on functions.config() will fail once Runtime Config shuts down in March 2026.

The legacy functions:config:* CLI commands are deprecated and will be removed before March 2026.

Learn how to migrate from functions.config() to the params package:

https://firebase.google.com/docs/functions/config-env#migrate-config

To convert existing functions.config() values to params, try the interactive migration command:

  firebase functions:config:export

i  functions: packaged /workspaces/ROPI-V2.1/packages/api (1.98 MB) for uploading
i  functions: ensuring required API run.googleapis.com is enabled...
i  functions: ensuring required API eventarc.googleapis.com is enabled...
i  functions: ensuring required API pubsub.googleapis.com is enabled...
i  functions: ensuring required API storage.googleapis.com is enabled...
i  functions: generating the service identity for pubsub.googleapis.com...
i  functions: generating the service identity for eventarc.googleapis.com...
i  firestore: uploading rules firestore.rules...
✔  functions: packages/api source uploaded successfully
i  hosting[ropi-aoss-staging]: beginning deploy...
i  hosting[ropi-aoss-staging]: found 4 files in packages/web/dist
✔  hosting[ropi-aoss-staging]: file upload complete
✔  firestore: released rules firestore.rules to cloud.firestore
i  functions: updating Node.js 20 (1st Gen) function api:api(us-central1)...
i  functions: updating Node.js 20 (2nd Gen) function api:exportApi(us-central1)...
i  functions: updating Node.js 20 (2nd Gen) function api:exportDryRun(us-central1)...
i  functions: updating Node.js 20 (2nd Gen) function api:exportRun(us-central1)...
i  functions: updating Node.js 20 (1st Gen) function api:getProduct(us-central1)...
i  functions: updating Node.js 20 (1st Gen) function api:importBatchStatus(us-central1)...
i  functions: updating Node.js 20 (2nd Gen) function api:importCSV(us-central1)...
i  functions: updating Node.js 20 (2nd Gen) function api:importDryRun(us-central1)...
i  functions: updating Node.js 20 (1st Gen) function api:listProducts(us-central1)...
i  functions: updating Node.js 20 (2nd Gen) function api:onProductWrite(us-central1)...
i  functions: updating Node.js 20 (2nd Gen) function api:onSmartRuleUpdate(us-central1)...
i  functions: updating Node.js 20 (1st Gen) function api:processImportBatch(us-central1)...
i  functions: updating Node.js 20 (1st Gen) function api:syncAttributeRegistry(us-central1)...
i  functions: updating Node.js 20 (1st Gen) function api:updateProductAttributes(us-central1)...
✔  functions[api:onProductWrite(us-central1)] Successful update operation.
✔  functions[api:onSmartRuleUpdate(us-central1)] Successful update operation.
✔  functions[api:importDryRun(us-central1)] Successful update operation.
✔  functions[api:exportDryRun(us-central1)] Successful update operation.
✔  functions[api:exportApi(us-central1)] Successful update operation.
✔  functions[api:importCSV(us-central1)] Successful update operation.
✔  functions[api:exportRun(us-central1)] Successful update operation.
✔  functions[api:processImportBatch(us-central1)] Successful update operation.
✔  functions[api:getProduct(us-central1)] Successful update operation.
✔  functions[api:listProducts(us-central1)] Successful update operation.
✔  functions[api:syncAttributeRegistry(us-central1)] Successful update operation.
✔  functions[api:importBatchStatus(us-central1)] Successful update operation.
✔  functions[api:updateProductAttributes(us-central1)] Successful update operation.
✔  functions[api:api(us-central1)] Successful update operation.
Function URL (api:api(us-central1)): https://us-central1-ropi-bccee.cloudfunctions.net/api
Function URL (api:exportApi(us-central1)): https://exportapi-ofrc5r2g3q-uc.a.run.app
Function URL (api:exportDryRun(us-central1)): https://exportdryrun-ofrc5r2g3q-uc.a.run.app
Function URL (api:exportRun(us-central1)): https://exportrun-ofrc5r2g3q-uc.a.run.app
Function URL (api:getProduct(us-central1)): https://us-central1-ropi-bccee.cloudfunctions.net/getProduct
Function URL (api:importBatchStatus(us-central1)): https://us-central1-ropi-bccee.cloudfunctions.net/importBatchStatus
Function URL (api:importCSV(us-central1)): https://importcsv-ofrc5r2g3q-uc.a.run.app
Function URL (api:importDryRun(us-central1)): https://importdryrun-ofrc5r2g3q-uc.a.run.app
Function URL (api:listProducts(us-central1)): https://us-central1-ropi-bccee.cloudfunctions.net/listProducts
Function URL (api:processImportBatch(us-central1)): https://us-central1-ropi-bccee.cloudfunctions.net/processImportBatch
Function URL (api:syncAttributeRegistry(us-central1)): https://us-central1-ropi-bccee.cloudfunctions.net/syncAttributeRegistry
Function URL (api:updateProductAttributes(us-central1)): https://us-central1-ropi-bccee.cloudfunctions.net/updateProductAttributes
i  hosting[ropi-aoss-staging]: finalizing version...
✔  hosting[ropi-aoss-staging]: version finalized
i  hosting[ropi-aoss-staging]: releasing new version...
✔  hosting[ropi-aoss-staging]: release complete

✔  Deploy complete!

Project Console: https://console.firebase.google.com/project/ropi-bccee/overview
Hosting URL: https://ropi-aoss-staging.web.app
