i  emulators: Starting emulators: firestore, storage
⚠  emulators: It seems that you are running multiple instances of the emulator suite for project ropi-bccee. This may result in unexpected behavior.
i  firestore: Firestore Emulator logging to firestore-debug.log
✔  firestore: Firestore Emulator UI websocket is running on 9150.

[90m┌─────────────────────────────────────────────────────────────┐[39m
[90m│[39m ✔  All emulators ready! It is now safe to connect your app. [90m│[39m
[90m│[39m i  View Emulator UI at http://127.0.0.1:4000/               [90m│[39m
[90m└─────────────────────────────────────────────────────────────┘[39m

[90m┌───────────[39m[90m┬────────────────[39m[90m┬─────────────────────────────────┐[39m
[90m│[39m[33m Emulator  [39m[90m│[39m[33m Host:Port      [39m[90m│[39m[33m View in Emulator UI             [39m[90m│[39m
[90m├───────────[39m[90m┼────────────────[39m[90m┼─────────────────────────────────┤[39m
[90m│[39m Firestore [90m│[39m 127.0.0.1:8080 [90m│[39m http://127.0.0.1:4000/firestore [90m│[39m
[90m├───────────[39m[90m┼────────────────[39m[90m┼─────────────────────────────────┤[39m
[90m│[39m Storage   [90m│[39m 127.0.0.1:9199 [90m│[39m http://127.0.0.1:4000/storage   [90m│[39m
[90m└───────────[39m[90m┴────────────────[39m[90m┴─────────────────────────────────┘[39m
  Emulator Hub host: 127.0.0.1 port: 4400
  Other reserved ports: 4500, 9150

Issues? Report them at https://github.com/firebase/firebase-tools/issues and attach the *-debug.log files.
 
 
i  emulators: Received SIGTERM for the first time. Starting a clean shutdown.
i  emulators: Please wait for a clean shutdown or send the SIGTERM signal again to stop right now.
i  emulators: Shutting down emulators.
i  ui: Stopping Emulator UI
i  firestore: Stopping Firestore Emulator
i  storage: Stopping Storage Emulator
i  hub: Stopping emulator hub
i  logging: Stopping Logging Emulator
