Merge made by the 'ort' strategy.
 PROMPT_019A_vA_AUDIT.txt                           | 541 ++++++++++++++++++
 firebase.json                                      |  23 +
 firestore.rules                                    |  37 ++
 packages/api/package.json                          |  30 +-
 packages/api/src/endpoints/import.ts               | 132 +++++
 packages/api/src/index.ts                          |  14 +
 packages/api/src/middleware/auth.ts                | 120 ++++
 packages/api/src/services/importService.ts         | 242 ++++++++
 packages/api/test/fixtures/sample-retailops.csv    |   7 +
 packages/api/test/importService.test.ts            |  85 +++
 packages/api/tsconfig.json                         |  20 +
 packages/api/vitest.config.ts                      |  12 +
 packages/sdk/package.json                          |   2 +
 packages/sdk/src/builders/importRowBuilder.ts      | 141 +++++
 packages/sdk/src/index.ts                          |  36 ++
 packages/sdk/src/normalization/importNormalizer.ts | 193 +++++++
 packages/sdk/src/schema/importEngine.ts            | 168 ++++++
 packages/sdk/src/validators/importValidator.ts     | 422 ++++++++++++++
 packages/sdk/test/importNormalizer.test.ts         | 174 ++++++
 packages/sdk/test/importRowBuilder.test.ts         | 133 +++++
 packages/sdk/test/importValidator.test.ts          | 166 ++++++
 packages/sdk/tsconfig.json                         |   1 +
 packages/sdk/tsconfig.tsbuildinfo                  |   1 +
 packages/web/package.json                          |   3 +
 packages/web/src/App.tsx                           |   6 +-
 .../src/components/import/ImportConfirmStep.css    | 186 ++++++
 .../src/components/import/ImportConfirmStep.tsx    | 198 +++++++
 .../src/components/import/ImportHistoryTable.css   | 164 ++++++
 .../src/components/import/ImportHistoryTable.tsx   | 108 ++++
 .../src/components/import/ImportMappingStep.css    | 168 ++++++
 .../src/components/import/ImportMappingStep.tsx    | 195 +++++++
 .../src/components/import/ImportPreviewStep.css    | 300 ++++++++++
 .../src/components/import/ImportPreviewStep.tsx    | 270 +++++++++
 .../web/src/components/import/ImportUploadStep.css | 135 +++++
 .../web/src/components/import/ImportUploadStep.tsx | 199 +++++++
 packages/web/src/pages/ImportBatchDetailPage.css   | 300 ++++++++++
 packages/web/src/pages/ImportBatchDetailPage.tsx   | 283 +++++++++
 packages/web/src/pages/ImportManagerPage.css       | 146 +++++
 packages/web/src/pages/ImportManagerPage.tsx       | 256 +++++++++
 pnpm-lock.yaml                                     | 636 ++++++++++++++++++++-
 40 files changed, 6226 insertions(+), 27 deletions(-)
 create mode 100644 PROMPT_019A_vA_AUDIT.txt
 create mode 100644 packages/api/src/endpoints/import.ts
 create mode 100644 packages/api/src/index.ts
 create mode 100644 packages/api/src/middleware/auth.ts
 create mode 100644 packages/api/src/services/importService.ts
 create mode 100644 packages/api/test/fixtures/sample-retailops.csv
 create mode 100644 packages/api/test/importService.test.ts
 create mode 100644 packages/api/tsconfig.json
 create mode 100644 packages/api/vitest.config.ts
 create mode 100644 packages/sdk/src/builders/importRowBuilder.ts
 create mode 100644 packages/sdk/src/normalization/importNormalizer.ts
 create mode 100644 packages/sdk/src/schema/importEngine.ts
 create mode 100644 packages/sdk/src/validators/importValidator.ts
 create mode 100644 packages/sdk/test/importNormalizer.test.ts
 create mode 100644 packages/sdk/test/importRowBuilder.test.ts
 create mode 100644 packages/sdk/test/importValidator.test.ts
 create mode 100644 packages/sdk/tsconfig.tsbuildinfo
 create mode 100644 packages/web/src/components/import/ImportConfirmStep.css
 create mode 100644 packages/web/src/components/import/ImportConfirmStep.tsx
 create mode 100644 packages/web/src/components/import/ImportHistoryTable.css
 create mode 100644 packages/web/src/components/import/ImportHistoryTable.tsx
 create mode 100644 packages/web/src/components/import/ImportMappingStep.css
 create mode 100644 packages/web/src/components/import/ImportMappingStep.tsx
 create mode 100644 packages/web/src/components/import/ImportPreviewStep.css
 create mode 100644 packages/web/src/components/import/ImportPreviewStep.tsx
 create mode 100644 packages/web/src/components/import/ImportUploadStep.css
 create mode 100644 packages/web/src/components/import/ImportUploadStep.tsx
 create mode 100644 packages/web/src/pages/ImportBatchDetailPage.css
 create mode 100644 packages/web/src/pages/ImportBatchDetailPage.tsx
 create mode 100644 packages/web/src/pages/ImportManagerPage.css
 create mode 100644 packages/web/src/pages/ImportManagerPage.tsx
