
🔧 Boolean Attribute Migration
   LP: LP-product-ordering-import-completeness-0.1.0
   Mode: APPLY
   Force Admin: NO
   Target Attributes: family_sizing, family_sharing, promo
   Report Dir: /workspaces/ROPI-V2.1/reports/normalize-booleans/2025-12-29T13-35-45

📦 Fetching products...
   Found 10 products

✅ 451-9204-blk18a: 1 change(s)

📊 Migration Summary
   Mode: APPLY
   Total Products: 10
   Processed: 10
   Updated: 1
   Changes: 1
   Skipped (admin-canonical): 0
   Warnings: 0
   Errors: 0

   Summary: /workspaces/ROPI-V2.1/reports/normalize-booleans/2025-12-29T13-35-45/summary.json

✅ Migration complete. 1 products updated.

