
Running 4 tests using 1 worker

  ✘  1 [chromium] › e2e/completion-mpn-display.spec.ts:54:5 › LP-phase2b-001: MPN Display Verification › Product product-0001 (ready): MPN displayed, product_id NOT visible (32.1s)
  ✘  2 [chromium] › e2e/completion-mpn-display.spec.ts:54:5 › LP-phase2b-001: MPN Display Verification › Product product-0004 (partial): MPN displayed, product_id NOT visible (32.1s)
  ✘  3 [chromium] › e2e/completion-mpn-display.spec.ts:54:5 › LP-phase2b-001: MPN Display Verification › Product product-0007 (blocked): MPN displayed, product_id NOT visible (31.9s)
  ✘  4 [chromium] › e2e/completion-mpn-display.spec.ts:128:3 › LP-phase2b-001: MPN Display Verification › MPN assertion: product_id must never appear in tooltips or aria-labels (31.9s)


  1) [chromium] › e2e/completion-mpn-display.spec.ts:54:5 › LP-phase2b-001: MPN Display Verification › Product product-0001 (ready): MPN displayed, product_id NOT visible 

    [31mTest timeout of 30000ms exceeded.[39m

    Error: page.waitForLoadState: Test timeout of 30000ms exceeded.

      55 |       // Navigate to product page
      56 |       await page.goto(`${BASE_URL}/products/${testProduct.id}`);
    > 57 |       await page.waitForLoadState('networkidle');
         |                  ^
      58 |
      59 |       // Intercept API call to get completion data
      60 |       let apiResponse: any = null;
        at /workspaces/ROPI-V2.1/packages/web/e2e/completion-mpn-display.spec.ts:57:18

    attachment #1: screenshot (image/png) ──────────────────────────────────────────────────────────
    test-results/completion-mpn-display-LP--6fe83-ayed-product-id-NOT-visible-chromium/test-failed-1.png
    ────────────────────────────────────────────────────────────────────────────────────────────────

    attachment #2: video (video/webm) ──────────────────────────────────────────────────────────────
    test-results/completion-mpn-display-LP--6fe83-ayed-product-id-NOT-visible-chromium/video.webm
    ────────────────────────────────────────────────────────────────────────────────────────────────

    Error Context: test-results/completion-mpn-display-LP--6fe83-ayed-product-id-NOT-visible-chromium/error-context.md

  2) [chromium] › e2e/completion-mpn-display.spec.ts:54:5 › LP-phase2b-001: MPN Display Verification › Product product-0004 (partial): MPN displayed, product_id NOT visible 

    [31mTest timeout of 30000ms exceeded.[39m

    Error: page.waitForLoadState: Test timeout of 30000ms exceeded.

      55 |       // Navigate to product page
      56 |       await page.goto(`${BASE_URL}/products/${testProduct.id}`);
    > 57 |       await page.waitForLoadState('networkidle');
         |                  ^
      58 |
      59 |       // Intercept API call to get completion data
      60 |       let apiResponse: any = null;
        at /workspaces/ROPI-V2.1/packages/web/e2e/completion-mpn-display.spec.ts:57:18

    attachment #1: screenshot (image/png) ──────────────────────────────────────────────────────────
    test-results/completion-mpn-display-LP--1517b-ayed-product-id-NOT-visible-chromium/test-failed-1.png
    ────────────────────────────────────────────────────────────────────────────────────────────────

    attachment #2: video (video/webm) ──────────────────────────────────────────────────────────────
    test-results/completion-mpn-display-LP--1517b-ayed-product-id-NOT-visible-chromium/video.webm
    ────────────────────────────────────────────────────────────────────────────────────────────────

    Error Context: test-results/completion-mpn-display-LP--1517b-ayed-product-id-NOT-visible-chromium/error-context.md

  3) [chromium] › e2e/completion-mpn-display.spec.ts:54:5 › LP-phase2b-001: MPN Display Verification › Product product-0007 (blocked): MPN displayed, product_id NOT visible 

    [31mTest timeout of 30000ms exceeded.[39m

    Error: page.waitForLoadState: Test timeout of 30000ms exceeded.

      55 |       // Navigate to product page
      56 |       await page.goto(`${BASE_URL}/products/${testProduct.id}`);
    > 57 |       await page.waitForLoadState('networkidle');
         |                  ^
      58 |
      59 |       // Intercept API call to get completion data
      60 |       let apiResponse: any = null;
        at /workspaces/ROPI-V2.1/packages/web/e2e/completion-mpn-display.spec.ts:57:18

    attachment #1: screenshot (image/png) ──────────────────────────────────────────────────────────
    test-results/completion-mpn-display-LP--b3068-ayed-product-id-NOT-visible-chromium/test-failed-1.png
    ────────────────────────────────────────────────────────────────────────────────────────────────

    attachment #2: video (video/webm) ──────────────────────────────────────────────────────────────
    test-results/completion-mpn-display-LP--b3068-ayed-product-id-NOT-visible-chromium/video.webm
    ────────────────────────────────────────────────────────────────────────────────────────────────

    Error Context: test-results/completion-mpn-display-LP--b3068-ayed-product-id-NOT-visible-chromium/error-context.md

  4) [chromium] › e2e/completion-mpn-display.spec.ts:128:3 › LP-phase2b-001: MPN Display Verification › MPN assertion: product_id must never appear in tooltips or aria-labels 

    [31mTest timeout of 30000ms exceeded.[39m

    Error: page.waitForLoadState: Test timeout of 30000ms exceeded.

      129 |     // Navigate to first test product
      130 |     await page.goto(`${BASE_URL}/products/${TEST_PRODUCTS[0].id}`);
    > 131 |     await page.waitForLoadState('networkidle');
          |                ^
      132 |
      133 |     // Check all elements with title attributes (tooltips)
      134 |     const titledElements = await page.locator('[title]').all();
        at /workspaces/ROPI-V2.1/packages/web/e2e/completion-mpn-display.spec.ts:131:16

    attachment #1: screenshot (image/png) ──────────────────────────────────────────────────────────
    test-results/completion-mpn-display-LP--5c43c--in-tooltips-or-aria-labels-chromium/test-failed-1.png
    ────────────────────────────────────────────────────────────────────────────────────────────────

    attachment #2: video (video/webm) ──────────────────────────────────────────────────────────────
    test-results/completion-mpn-display-LP--5c43c--in-tooltips-or-aria-labels-chromium/video.webm
    ────────────────────────────────────────────────────────────────────────────────────────────────

    Error Context: test-results/completion-mpn-display-LP--5c43c--in-tooltips-or-aria-labels-chromium/error-context.md

  4 failed
    [chromium] › e2e/completion-mpn-display.spec.ts:54:5 › LP-phase2b-001: MPN Display Verification › Product product-0001 (ready): MPN displayed, product_id NOT visible 
    [chromium] › e2e/completion-mpn-display.spec.ts:54:5 › LP-phase2b-001: MPN Display Verification › Product product-0004 (partial): MPN displayed, product_id NOT visible 
    [chromium] › e2e/completion-mpn-display.spec.ts:54:5 › LP-phase2b-001: MPN Display Verification › Product product-0007 (blocked): MPN displayed, product_id NOT visible 
    [chromium] › e2e/completion-mpn-display.spec.ts:128:3 › LP-phase2b-001: MPN Display Verification › MPN assertion: product_id must never appear in tooltips or aria-labels 
