# LP-1.1.7 E2E Test Validation Log
# Date: $(date -u +"%Y-%m-%dT%H:%M:%SZ")

## TypeScript Compilation Check
Command: pnpm exec tsc --noEmit --skipLibCheck e2e/helpers/adminAuth.ts e2e/admin-attribute-crud.spec.ts
Result: SUCCESS - No TypeScript errors

## Playwright Test List
Command: pnpm exec playwright test --list e2e/admin-attribute-crud.spec.ts
Result: 13 tests found in 1 file

### Tests Listed:
1. Admin Attribute Management > should display attribute manager page
2. Admin Attribute Management > should create a new attribute
3. Admin Attribute Management > should edit an existing attribute
4. Admin Attribute Management > should delete an attribute
5. Admin Attribute Management > should validate required fields
6. Admin Attribute Management > should filter attributes by status
7. Admin Attribute Management > should search attributes
8. Admin Attribute Management > should handle API errors gracefully
9. Admin Attribute Management > should paginate attribute list
10. Admin Attribute Management > should cancel attribute creation
11. Attribute Form Validation > should validate attribute_id format
12. Attribute Form Validation > should validate data_type selection
13. Attribute Form Validation > should show allowed_values field for enum type

## Note
Full E2E test execution requires:
- Access to staging environment (https://ropi-aoss-staging.web.app)
- Valid E2E credentials (VITE_E2E_ADMIN_EMAIL, VITE_E2E_ADMIN_PASSWORD, etc.)
- These are configured in GitHub Actions via repository secrets

The test file compiles correctly and is ready for CI execution.

## Changes Made
1. Added packages/web/e2e/helpers/adminAuth.ts with loginAsAdminWithRetries()
2. Updated admin-attribute-crud.spec.ts to use the helper
3. Reduced individual timeouts from 60s to 30s for faster failures
4. Set test.setTimeout(3 * 60 * 1000) for 3-minute max per test
