
=== Deploying to 'ropi-bccee'...

i  deploying functions
Running command: pnpm --filter @ropi-aoss/api build
packages/api                             |  WARN  Unsupported engine: wanted: {"node":"20"} (current: {"node":"v22.17.0","pnpm":"10.13.1"})

> @ropi-aoss/api@0.0.0 build /workspaces/ROPI-V2.1/packages/api
> node esbuild.config.js


  dist/index.js      348.9kb
  dist/index.js.map  750.9kb

⚡ Done in 58ms
✔  functions: Finished running predeploy script.
i  functions: preparing codebase api for deployment
i  functions: ensuring required API cloudfunctions.googleapis.com is enabled...
i  functions: ensuring required API cloudbuild.googleapis.com is enabled...
i  artifactregistry: ensuring required API artifactregistry.googleapis.com is enabled...
✔  functions: required API cloudfunctions.googleapis.com is enabled
✔  functions: required API cloudbuild.googleapis.com is enabled
✔  artifactregistry: required API artifactregistry.googleapis.com is enabled
⚠  functions: package.json indicates an outdated version of firebase-functions. Please upgrade using npm install --save firebase-functions@latest in your functions directory.
⚠  functions: Please note that there will be breaking changes when you upgrade.
i  functions: Loading and analyzing source code for codebase api to determine what to deploy
Serving at port 8022

i  extensions: ensuring required API firebaseextensions.googleapis.com is enabled...
✔  extensions: required API firebaseextensions.googleapis.com is enabled
i  functions: preparing packages/api directory for uploading...
i  functions: packaged /workspaces/ROPI-V2.1/packages/api (571.53 KB) for uploading
i  functions: packaged /workspaces/ROPI-V2.1/packages/api (571.79 KB) for uploading
i  functions: ensuring required API run.googleapis.com is enabled...
i  functions: ensuring required API eventarc.googleapis.com is enabled...
i  functions: ensuring required API pubsub.googleapis.com is enabled...
i  functions: ensuring required API storage.googleapis.com is enabled...
✔  functions: required API run.googleapis.com is enabled
✔  functions: required API eventarc.googleapis.com is enabled
✔  functions: required API storage.googleapis.com is enabled
✔  functions: required API pubsub.googleapis.com is enabled
i  functions: generating the service identity for pubsub.googleapis.com...
i  functions: generating the service identity for eventarc.googleapis.com...
✔  functions: packages/api folder uploaded successfully
i  functions: creating Node.js 20 (2nd Gen) function api:exportApi(us-central1)...
i  functions: creating Node.js 20 (2nd Gen) function api:exportDryRun(us-central1)...
i  functions: creating Node.js 20 (2nd Gen) function api:exportRun(us-central1)...
i  functions: updating Node.js 20 (1st Gen) function api:api(us-central1)...
i  functions: updating Node.js 20 (1st Gen) function api:getProduct(us-central1)...
i  functions: updating Node.js 20 (1st Gen) function api:importBatchStatus(us-central1)...
i  functions: updating Node.js 20 (2nd Gen) function api:importCSV(us-central1)...
i  functions: updating Node.js 20 (2nd Gen) function api:importDryRun(us-central1)...
i  functions: updating Node.js 20 (1st Gen) function api:listProducts(us-central1)...
i  functions: updating Node.js 20 (1st Gen) function api:processImportBatch(us-central1)...
i  functions: updating Node.js 20 (1st Gen) function api:syncAttributeRegistry(us-central1)...
i  functions: updating Node.js 20 (1st Gen) function api:updateProductAttributes(us-central1)...
✔  functions[api:exportRun(us-central1)] Successful create operation.
✔  functions[api:importDryRun(us-central1)] Successful update operation.
✔  functions[api:exportDryRun(us-central1)] Successful create operation.
✔  functions[api:exportApi(us-central1)] Successful create operation.
✔  functions[api:api(us-central1)] Successful update operation.
✔  functions[api:importCSV(us-central1)] Successful update operation.
✔  functions[api:importBatchStatus(us-central1)] Successful update operation.
✔  functions[api:processImportBatch(us-central1)] Successful update operation.
✔  functions[api:listProducts(us-central1)] Successful update operation.
✔  functions[api:getProduct(us-central1)] Successful update operation.
✔  functions[api:updateProductAttributes(us-central1)] Successful update operation.
✔  functions[api:syncAttributeRegistry(us-central1)] Successful update operation.
Function URL (api:api(us-central1)): https://us-central1-ropi-bccee.cloudfunctions.net/api
Function URL (api:exportApi(us-central1)): https://us-central1-ropi-bccee.cloudfunctions.net/exportApi
Function URL (api:exportDryRun(us-central1)): https://us-central1-ropi-bccee.cloudfunctions.net/exportDryRun
Function URL (api:exportRun(us-central1)): https://us-central1-ropi-bccee.cloudfunctions.net/exportRun
Function URL (api:getProduct(us-central1)): https://us-central1-ropi-bccee.cloudfunctions.net/getProduct
Function URL (api:importBatchStatus(us-central1)): https://us-central1-ropi-bccee.cloudfunctions.net/importBatchStatus
Function URL (api:importCSV(us-central1)): https://importcsv-ofrc5r2g3q-uc.a.run.app
Function URL (api:importDryRun(us-central1)): https://importdryrun-ofrc5r2g3q-uc.a.run.app
Function URL (api:listProducts(us-central1)): https://us-central1-ropi-bccee.cloudfunctions.net/listProducts
Function URL (api:processImportBatch(us-central1)): https://us-central1-ropi-bccee.cloudfunctions.net/processImportBatch
Function URL (api:syncAttributeRegistry(us-central1)): https://us-central1-ropi-bccee.cloudfunctions.net/syncAttributeRegistry
Function URL (api:updateProductAttributes(us-central1)): https://us-central1-ropi-bccee.cloudfunctions.net/updateProductAttributes
i  functions: cleaning up build files...
⚠  functions: Unhandled error cleaning up build images. This could result in a small monthly bill if not corrected. You can attempt to delete these images by redeploying or you can delete them manually at https://console.cloud.google.com/gcr/images/ropi-bccee/us/gcf

✔  Deploy complete!

Project Console: https://console.firebase.google.com/project/ropi-bccee/overview
