LP-3.0.11 Attribute Create/Save Flow Capture
=============================================

1. Getting admin token...
   Token obtained (length: 968)

2. Launching headless browser...
3. Setting authorization headers...
4. Navigating to staging...
5. Setting Firebase auth token...
6. Navigating to /settings/attributes...
7. Looking for New Attribute button...
   New Attribute button not found - checking if sign-in required...
   Found sign-in trigger, attempting sign-in...
   ERROR: Still cannot find New Attribute button

12. Saving artifacts...
    ✓ logs/lp-3.0.11-network.json
    ✓ logs/lp-3.0.11-network-full.json
    ✓ logs/lp-3.0.11-console.json
    ✓ logs/lp-3.0.11-console.txt

13. Analysis Summary:
    Total network events: 30
    Attribute API calls: 4
    POST requests: 0
    PUT requests: 0
    Console errors: 4
    Console warnings: 0
    ✓ logs/lp-3.0.11-summary.json

14. Closing browser...
