LP-ATTR-1.0.1 CI Re-run Log
===========================
Timestamp: 2025-12-22T23:05:00Z
Executor: Homer

Actions Taken:
--------------
1. PR #333: Updated title to "[LP-ATTR-1.2.2] Fix attribute registry packaging + GCS fallback"
   - Created label "lp:ATTR-1.2.2"
   - Added label "lp:ATTR-1.2.2"
   - Removed conflicting label "lp:1.2.3"

2. PR #318: Updated title to "[LP-ATTR-2.1.3] Attribute Usage Audit — 28 candidates for deletion"
   - Created label "lp:ATTR-2.1.3"
   - Added label "lp:ATTR-2.1.3"

3. PR #322: Updated title to "[LP-ATTR-2.1.7] migrateProductsToAttributes..."
   - Marked PR as ready for review (was draft)
   - Created label "lp:ATTR-2.1.7"
   - Added label "lp:ATTR-2.1.7"

CI Results After Governance Fixes:
----------------------------------
PR #333 - Governance Check Run ID: 20446279185 - STATUS: SUCCESS
PR #318 - Governance Check Run ID: 20446251777 - STATUS: SUCCESS
PR #322 - Governance Check Run ID: 20446284607 - STATUS: SUCCESS

All governance checks now PASSING ✅
