=== Testing CORS on actual import functions ===

Test 1: POST importCSV without auth
  % Total    % Received % Xferd  Average Speed   Time    Time     Time  Current
                                 Dload  Upload   Total   Spent    Left  Speed
  0     0    0     0    0     0      0      0 --:--:-- --:--:-- --:--:--     0  0     0    0     0    0     0      0      0 --:--:--  0:00:01 --:--:--     0100    72  100    72    0     0     37      0  0:00:01  0:00:01 --:--:--    37100    72  100    72    0     0     37      0  0:00:01  0:00:01 --:--:--    37
HTTP/2 401 
content-type: application/json; charset=utf-8
x-cloud-trace-context: 4563d79e52e214200ef897d661c7a293;o=1
date: Wed, 24 Dec 2025 10:35:45 GMT
server: Google Frontend
content-length: 72
alt-svc: h3=":443"; ma=2592000,h3-29=":443"; ma=2592000

{"error":"Unauthorized","message":"Valid authentication token required"}
❌ FAIL: CORS header missing on importCSV 401

---

Test 2: POST importDryRun without auth
  % Total    % Received % Xferd  Average Speed   Time    Time     Time  Current
                                 Dload  Upload   Total   Spent    Left  Speed
  0     0    0     0    0     0      0      0 --:--:-- --:--:-- --:--:--     0  0     0    0     0    0     0      0      0 --:--:--  0:00:01 --:--:--     0100    72  100    72    0     0     44      0  0:00:01  0:00:01 --:--:--    44
HTTP/2 401 
content-type: application/json; charset=utf-8
x-cloud-trace-context: 56166e846f354375c38e6a2e37f304a0;o=1
date: Wed, 24 Dec 2025 10:35:47 GMT
server: Google Frontend
content-length: 72
alt-svc: h3=":443"; ma=2592000,h3-29=":443"; ma=2592000

{"error":"Unauthorized","message":"Valid authentication token required"}
❌ FAIL: CORS header missing on importDryRun 401

=== Test Complete ===
