LP-3.0.8 Headless Attribute Create Verification
================================================

1. Getting admin token...
   Token obtained (length: 968)

2. Launching headless browser...
3. Setting authorization headers...
4. Navigating to staging attributes page...
5. Taking initial screenshot...
6. Creating test attribute via API...
   Create result: 201 
   ✅ Attribute created successfully
7. Taking final screenshot...

8. Saving artifacts...
   ✓ logs/lp-3.0.8-console.json
   ✓ logs/lp-3.0.8-network.json

9. Analyzing results...

   Network Summary:
   - Total attribute API calls: 1
   - Mapping 404s (without ID): 0
   - Attribute creates: 1

   Console Summary:
   - Total messages: 3
   - TypeErrors: 0

   Status: ✅ PASS

   ✓ logs/lp-3.0.8-summary.json

10. Browser closed.

