node:internal/modules/cjs/loader:1386
  throw err;
  ^

Error: Cannot find module 'yargs'
Require stack:
- /workspaces/ROPI-V2.1/scripts/migrate-observation-linkedfields.js
    at Function._resolveFilename (node:internal/modules/cjs/loader:1383:15)
    at defaultResolveImpl (node:internal/modules/cjs/loader:1025:19)
    at resolveForCJSWithHooks (node:internal/modules/cjs/loader:1030:22)
    at Function._load (node:internal/modules/cjs/loader:1192:37)
    at TracingChannel.traceSync (node:diagnostics_channel:328:14)
    at wrapModuleLoad (node:internal/modules/cjs/loader:237:24)
    at Module.require (node:internal/modules/cjs/loader:1463:12)
    at require (node:internal/modules/helpers:147:16)
    at Object.<anonymous> (/workspaces/ROPI-V2.1/scripts/migrate-observation-linkedfields.js:17:15)
    at Module._compile (node:internal/modules/cjs/loader:1706:14) {
  code: 'MODULE_NOT_FOUND',
  requireStack: [
    '/workspaces/ROPI-V2.1/scripts/migrate-observation-linkedfields.js'
  ]
}

Node.js v22.21.1
