
=== Deploying to 'ropi-bccee'...

i  deploying functions
Running command: pnpm --filter @ropi-aoss/api build
packages/api                             |  WARN  Unsupported engine: wanted: {"node":"20"} (current: {"node":"v22.17.0","pnpm":"10.13.1"})

> @ropi-aoss/api@0.0.0 build /workspaces/ROPI-V2.1/packages/api
> node esbuild.config.js


  dist/index.js      258.8kb
  dist/index.js.map  549.0kb

⚡ Done in 42ms
✔  functions: Finished running predeploy script.
i  functions: preparing codebase api for deployment
i  functions: ensuring required API cloudfunctions.googleapis.com is enabled...
i  functions: ensuring required API cloudbuild.googleapis.com is enabled...
i  artifactregistry: ensuring required API artifactregistry.googleapis.com is enabled...
✔  functions: required API cloudfunctions.googleapis.com is enabled
✔  functions: required API cloudbuild.googleapis.com is enabled
✔  artifactregistry: required API artifactregistry.googleapis.com is enabled
⚠  functions: package.json indicates an outdated version of firebase-functions. Please upgrade using npm install --save firebase-functions@latest in your functions directory.
⚠  functions: Please note that there will be breaking changes when you upgrade.
i  functions: Loading and analyzing source code for codebase api to determine what to deploy
Serving at port 8246

i  extensions: ensuring required API firebaseextensions.googleapis.com is enabled...
✔  extensions: required API firebaseextensions.googleapis.com is enabled
i  functions: preparing packages/api directory for uploading...
i  functions: packaged /workspaces/ROPI-V2.1/packages/api (305.11 KB) for uploading
i  functions: packaged /workspaces/ROPI-V2.1/packages/api (305.37 KB) for uploading
i  functions: ensuring required API run.googleapis.com is enabled...
i  functions: ensuring required API eventarc.googleapis.com is enabled...
i  functions: ensuring required API pubsub.googleapis.com is enabled...
i  functions: ensuring required API storage.googleapis.com is enabled...
✔  functions: required API run.googleapis.com is enabled
✔  functions: required API eventarc.googleapis.com is enabled
✔  functions: required API pubsub.googleapis.com is enabled
✔  functions: required API storage.googleapis.com is enabled
i  functions: generating the service identity for pubsub.googleapis.com...
i  functions: generating the service identity for eventarc.googleapis.com...
✔  functions: packages/api folder uploaded successfully
i  functions: updating Node.js 20 (1st Gen) function api:api(us-central1)...
i  functions: updating Node.js 20 (1st Gen) function api:getProduct(us-central1)...
i  functions: updating Node.js 20 (1st Gen) function api:importBatchStatus(us-central1)...
i  functions: updating Node.js 20 (2nd Gen) function api:importCSV(us-central1)...
i  functions: updating Node.js 20 (1st Gen) function api:listProducts(us-central1)...
i  functions: updating Node.js 20 (1st Gen) function api:processImportBatch(us-central1)...
i  functions: updating Node.js 20 (1st Gen) function api:syncAttributeRegistry(us-central1)...
i  functions: updating Node.js 20 (1st Gen) function api:updateProductAttributes(us-central1)...
⚠  functions: failed to update function projects/ropi-bccee/locations/us-central1/functions/api
Failed to update function projects/ropi-bccee/locations/us-central1/functions/api
⚠  functions: Request to https://cloudfunctions.googleapis.com/v2/projects/ropi-bccee/locations/us-central1/functions/importCSV?updateMask=name%2CbuildConfig.runtime%2CbuildConfig.entryPoint%2CbuildConfig.source.storageSource.bucket%2CbuildConfig.source.storageSource.object%2CbuildConfig.environmentVariables%2CbuildConfig.sourceToken%2CserviceConfig.environmentVariables%2CserviceConfig.ingressSettings%2CserviceConfig.timeoutSeconds%2CserviceConfig.serviceAccountEmail%2CserviceConfig.availableMemory%2CserviceConfig.minInstanceCount%2CserviceConfig.maxInstanceCount%2CserviceConfig.maxInstanceRequestConcurrency%2CserviceConfig.availableCpu%2CserviceConfig.vpcConnector%2CserviceConfig.vpcConnectorEgressSettings%2Clabels%2CbuildConfig.buildEnvironmentVariables had HTTP Error: 409, unable to queue the operation
⚠  functions:  failed to update function projects/ropi-bccee/locations/us-central1/functions/importCSV
